// Vitest Snapshot v1, https://vitest.dev/guide/snapshot.html

exports[`Layout > matches snapshot 1`] = `
"                                No messages yet. Start typing below.
┌──────────────────────────────────────────────────────────────────────────────────────────────────┐
│ anthropic │ claude-sonnet-4-6 │ chat │ tokens: 0                                                 │
└──────────────────────────────────────────────────────────────────────────────────────────────────┘
┌──────────────────────────────────────────────────────────────────────────────────────────────────┐
│ > Type a message… (Ctrl+C to quit)                                                               │
└──────────────────────────────────────────────────────────────────────────────────────────────────┘"
`;
